AsFigo: Config file 'config.toml' not found. Using default settings.
AsFigo: [test_fcov_007_f.sv] INFO: Loaded test file: test_fcov_007_f.sv
AsFigo: [test_fcov_007_f.sv] INFO: Running lint ruleID: AF_FCOV_CROSS_CPT_VLT on file: test_fcov_007_f.sv

AsFigo: [test_fcov_007_f.sv] Violation: [AF_FCOV_CROSS_CPT_VLT]:
Verilator compatibility: FCOV: Every item in a cross statement shall be an explicitly declared coverpoint.
Found raw variable 'data' in cross.
cross_addr_data : cross cp_addr, data {
      option.cross_auto_bin_max = 64;
    }

AsFigo: [test_fcov_007_f.sv] INFO: Running lint ruleID: AF_FCOV_TRANS_BINS_VLT on file: test_fcov_007_f.sv

AsFigo: [test_fcov_007_f.sv] INFO: Running lint ruleID: AF_VLT_FCOV_USE_CONST_OPT on file: test_fcov_007_f.sv

AsFigo: [test_fcov_007_f.sv] INFO: Running lint ruleID: AF_FCOV_VLT_TRANS_RANGE on file: test_fcov_007_f.sv

AsFigo: [test_fcov_007_f.sv] INFO: Running lint ruleID: AF_VLT_FCOV_006 on file: test_fcov_007_f.sv

AsFigo: [test_fcov_007_f.sv] INFO: Running lint ruleID: AF_VLT_INTF_IN_MOD on file: test_fcov_007_f.sv

AsFigo: [test_fcov_007_f.sv] INFO: Running lint ruleID: AF_VLT_FCOV_CLASS_MEMBER_REF on file: test_fcov_007_f.sv

AsFigo: [test_fcov_007_f.sv] INFO: Running lint ruleID: AF_VLT_FCOV_TRANS_RANGE on file: test_fcov_007_f.sv

AsFigo: [test_fcov_007_f.sv] INFO: Running lint ruleID: AF_VLT_FCOV_CNSQ_RPT on file: test_fcov_007_f.sv

AsFigo: [test_fcov_007_f.sv] INFO: Running lint ruleID: AF_VLT_FCOV_NCSQ_RPT on file: test_fcov_007_f.sv

AsFigo: [test_fcov_007_f.sv] INFO: Running lint ruleID: AF_VLT_FCOV_GOTO_RPT on file: test_fcov_007_f.sv

AsFigo: [test_fcov_007_f.sv] INFO: Running lint ruleID: AF_FCOV_AVOID_ILLEGAL_BINS on file: test_fcov_007_f.sv

AsFigo: [test_fcov_007_f.sv] INFO: Running lint ruleID: AF_FCOV_STYLE_ENDLABEL on file: test_fcov_007_f.sv

AsFigo: [test_fcov_007_f.sv] INFO: Running lint ruleID: AF_FCOV_PERF_NO_IMPL_SAMP on file: test_fcov_007_f.sv

AsFigo: [test_fcov_007_f.sv] INFO: Running lint ruleID: AF_FCOV_PERF_NO_EDGE_IMPL_SAMP on file: test_fcov_007_f.sv

AsFigo: [test_fcov_007_f.sv] INFO: Running lint ruleID: AF_FCOV_REQUIRE_PER_INSTANCE on file: test_fcov_007_f.sv

AsFigo: [test_fcov_007_f.sv] INFO: Running lint ruleID: AF_FCOV_PERF_USE_CR_ABIN_MAX on file: test_fcov_007_f.sv

AsFigo: [test_fcov_007_f.sv] INFO: Running lint ruleID: AF_FCOV_NO_CR_ABIN_MAX_VLT on file: test_fcov_007_f.sv

AsFigo: [test_fcov_007_f.sv] Violation: [AF_FCOV_NO_CR_ABIN_MAX_VLT]:
  = Description: Cross coverage 'cross_addr_data' uses 'option.cross_auto_bin_max', which is unsupported by Verilator.
   |
   | option.cross_auto_bin_max = 64;
   |
  = Fix: Remove 'option.cross_auto_bin_max' from cross 'cross_addr_data' for Verilator compatibility.
AsFigo: [test_fcov_007_f.sv] INFO: Running lint ruleID: AF_FCOV_FUNC_NO_MERGE_INST on file: test_fcov_007_f.sv

AsFigo: [test_fcov_007_f.sv] INFO: Running lint ruleID: AF_FCOV_FUNC_NO_GOAL_IN_CODE on file: test_fcov_007_f.sv


--------------------------------
AsFigo FCOVLint Report Summary
Total lint rules executed: 20
--------------------------------
** Report counts by severity
INFO    : 21
WARNING : 0
ERROR   : 2

** Report counts by ID
[AF_FCOV_CROSS_CPT_VLT] 1
[AF_FCOV_NO_CR_ABIN_MAX_VLT] 1
--------------------------------

